apiVersion: rbac.authorization.k8s.io/v1
kind: ClusterRole
metadata:
  labels:
    operator: rook
    storage-backend: ceph
  name: rook-ceph-system
rules:
  - apiGroups:
      - ''
    resources:
      - pods
      - pods/log
    verbs:
      - get
      - list
  - apiGroups:
      - ''
    resources:
      - pods/exec
    verbs:
      - create
---
apiVersion: rbac.authorization.k8s.io/v1
kind: ClusterRole
metadata:
  labels:
    operator: rook
    storage-backend: ceph
  name: rook-ceph-cluster-mgmt
rules:
  - apiGroups:
      - ''
      - apps
      - extensions
    resources:
      - secrets
      - pods
      - pods/log
      - services
      - configmaps
      - deployments
      - daemonsets
    verbs:
      - get
      - list
      - watch
      - patch
      - create
      - update
      - delete
---
apiVersion: rbac.authorization.k8s.io/v1
kind: ClusterRole
metadata:
  labels:
    operator: rook
    storage-backend: ceph
  name: rook-ceph-global
rules:
  - apiGroups:
      - ''
    resources:
      - pods
      - nodes
      - nodes/proxy
      - services
    verbs:
      - get
      - list
      - watch
  - apiGroups:
      - ''
    resources:
      - events
      - persistentvolumes
      - persistentvolumeclaims
      - endpoints
    verbs:
      - get
      - list
      - watch
      - patch
      - create
      - update
      - delete
  - apiGroups:
      - storage.k8s.io
    resources:
      - storageclasses
    verbs:
      - get
      - list
      - watch
  - apiGroups:
      - batch
    resources:
      - jobs
      - cronjobs
    verbs:
      - get
      - list
      - watch
      - create
      - update
      - delete
  - apiGroups:
      - ceph.rook.io
    resources:
      - '*'
    verbs:
      - '*'
  - apiGroups:
      - rook.io
    resources:
      - '*'
    verbs:
      - '*'
  - apiGroups:
      - policy
      - apps
      - extensions
    resources:
      - poddisruptionbudgets
      - deployments
      - replicasets
    verbs:
      - '*'
  - apiGroups:
      - healthchecking.openshift.io
    resources:
      - machinedisruptionbudgets
    verbs:
      - get
      - list
      - watch
      - create
      - update
      - delete
  - apiGroups:
      - machine.openshift.io
    resources:
      - machines
    verbs:
      - get
      - list
      - watch
      - create
      - update
      - delete
  - apiGroups:
      - storage.k8s.io
    resources:
      - csidrivers
    verbs:
      - create
      - delete
      - get
      - update
  - apiGroups:
      - k8s.cni.cncf.io
    resources:
      - network-attachment-definitions
    verbs:
      - get
---
apiVersion: rbac.authorization.k8s.io/v1
kind: ClusterRole
metadata:
  labels:
    operator: rook
    storage-backend: ceph
  name: rook-ceph-mgr-cluster
rules:
  - apiGroups:
      - ''
    resources:
      - configmaps
      - nodes
      - nodes/proxy
      - persistentvolumes
    verbs:
      - get
      - list
      - watch
  - apiGroups:
      - ''
    resources:
      - events
    verbs:
      - create
      - patch
      - list
      - get
      - watch
  - apiGroups:
      - storage.k8s.io
    resources:
      - storageclasses
    verbs:
      - get
      - list
      - watch
---
apiVersion: rbac.authorization.k8s.io/v1
kind: ClusterRole
metadata:
  name: rook-ceph-mgr-system
rules:
  - apiGroups:
      - ''
    resources:
      - configmaps
    verbs:
      - get
      - list
      - watch
---
apiVersion: rbac.authorization.k8s.io/v1
kind: ClusterRole
metadata:
  labels:
    operator: rook
    storage-backend: ceph
  name: rook-ceph-object-bucket
rules:
  - apiGroups:
      - ''
    resources:
      - secrets
      - configmaps
    verbs:
      - '*'
  - apiGroups:
      - storage.k8s.io
    resources:
      - storageclasses
    verbs:
      - get
      - list
      - watch
  - apiGroups:
      - objectbucket.io
    resources:
      - '*'
    verbs:
      - '*'
---
apiVersion: rbac.authorization.k8s.io/v1
kind: ClusterRole
metadata:
  name: rook-ceph-osd
rules:
  - apiGroups:
      - ''
    resources:
      - nodes
    verbs:
      - get
      - list
---
apiVersion: rbac.authorization.k8s.io/v1
kind: ClusterRole
metadata:
  name: cephfs-csi-nodeplugin
rules:
  - apiGroups:
      - ''
    resources:
      - nodes
    verbs:
      - get
      - list
      - update
  - apiGroups:
      - ''
    resources:
      - namespaces
    verbs:
      - get
      - list
  - apiGroups:
      - ''
    resources:
      - persistentvolumes
    verbs:
      - get
      - list
      - watch
      - update
  - apiGroups:
      - storage.k8s.io
    resources:
      - volumeattachments
    verbs:
      - get
      - list
      - watch
      - update
  - apiGroups:
      - ''
    resources:
      - configmaps
    verbs:
      - get
      - list
---
apiVersion: rbac.authorization.k8s.io/v1
kind: ClusterRole
metadata:
  name: cephfs-external-provisioner-runner
rules:
  - apiGroups:
      - ''
    resources:
      - secrets
    verbs:
      - get
      - list
  - apiGroups:
      - ''
    resources:
      - persistentvolumes
    verbs:
      - get
      - list
      - watch
      - create
      - delete
      - update
      - patch
  - apiGroups:
      - ''
    resources:
      - persistentvolumeclaims
    verbs:
      - get
      - list
      - watch
      - update
  - apiGroups:
      - storage.k8s.io
    resources:
      - storageclasses
    verbs:
      - get
      - list
      - watch
  - apiGroups:
      - ''
    resources:
      - events
    verbs:
      - list
      - watch
      - create
      - update
      - patch
  - apiGroups:
      - storage.k8s.io
    resources:
      - volumeattachments
    verbs:
      - get
      - list
      - watch
      - update
      - patch
  - apiGroups:
      - storage.k8s.io
    resources:
      - volumeattachments/status
    verbs:
      - patch
  - apiGroups:
      - ''
    resources:
      - nodes
    verbs:
      - get
      - list
      - watch
  - apiGroups:
      - ''
    resources:
      - persistentvolumeclaims/status
    verbs:
      - update
      - patch
  - apiGroups:
      - snapshot.storage.k8s.io
    resources:
      - volumesnapshots
    verbs:
      - get
      - list
      - watch
      - patch
  - apiGroups:
      - snapshot.storage.k8s.io
    resources:
      - volumesnapshotcontents
    verbs:
      - create
      - get
      - list
      - watch
      - update
      - delete
  - apiGroups:
      - snapshot.storage.k8s.io
    resources:
      - volumesnapshotclasses
    verbs:
      - get
      - list
      - watch
  - apiGroups:
      - snapshot.storage.k8s.io
    resources:
      - volumesnapshotcontents/status
    verbs:
      - update
  - apiGroups:
      - apiextensions.k8s.io
    resources:
      - customresourcedefinitions
    verbs:
      - create
      - list
      - watch
      - delete
      - get
      - update
  - apiGroups:
      - snapshot.storage.k8s.io
    resources:
      - volumesnapshots/status
    verbs:
      - update
---
apiVersion: rbac.authorization.k8s.io/v1
kind: ClusterRole
metadata:
  name: rbd-csi-nodeplugin
rules:
  - apiGroups:
      - ''
    resources:
      - secrets
    verbs:
      - get
      - list
  - apiGroups:
      - ''
    resources:
      - nodes
    verbs:
      - get
      - list
      - update
  - apiGroups:
      - ''
    resources:
      - namespaces
    verbs:
      - get
      - list
  - apiGroups:
      - ''
    resources:
      - persistentvolumes
    verbs:
      - get
      - list
      - watch
      - update
  - apiGroups:
      - storage.k8s.io
    resources:
      - volumeattachments
    verbs:
      - get
      - list
      - watch
      - update
  - apiGroups:
      - ''
    resources:
      - configmaps
    verbs:
      - get
      - list
  - apiGroups:
      - ''
    resources:
      - serviceaccounts
    verbs:
      - get
---
apiVersion: rbac.authorization.k8s.io/v1
kind: ClusterRole
metadata:
  name: rbd-external-provisioner-runner
rules:
  - apiGroups:
      - ''
    resources:
      - secrets
    verbs:
      - get
      - list
      - watch
  - apiGroups:
      - ''
    resources:
      - persistentvolumes
    verbs:
      - get
      - list
      - watch
      - create
      - delete
      - update
      - patch
  - apiGroups:
      - ''
    resources:
      - persistentvolumeclaims
    verbs:
      - get
      - list
      - watch
      - update
  - apiGroups:
      - storage.k8s.io
    resources:
      - volumeattachments
    verbs:
      - get
      - list
      - watch
      - update
      - patch
  - apiGroups:
      - storage.k8s.io
    resources:
      - volumeattachments/status
    verbs:
      - patch
  - apiGroups:
      - ''
    resources:
      - nodes
    verbs:
      - get
      - list
      - watch
  - apiGroups:
      - storage.k8s.io
    resources:
      - storageclasses
    verbs:
      - get
      - list
      - watch
  - apiGroups:
      - ''
    resources:
      - events
    verbs:
      - list
      - watch
      - create
      - update
      - patch
  - apiGroups:
      - snapshot.storage.k8s.io
    resources:
      - volumesnapshots
    verbs:
      - get
      - list
      - watch
      - patch
  - apiGroups:
      - snapshot.storage.k8s.io
    resources:
      - volumesnapshotcontents
    verbs:
      - create
      - get
      - list
      - watch
      - update
      - delete
  - apiGroups:
      - snapshot.storage.k8s.io
    resources:
      - volumesnapshotclasses
    verbs:
      - get
      - list
      - watch
  - apiGroups:
      - snapshot.storage.k8s.io
    resources:
      - volumesnapshotcontents/status
    verbs:
      - update
  - apiGroups:
      - apiextensions.k8s.io
    resources:
      - customresourcedefinitions
    verbs:
      - create
      - list
      - watch
      - delete
      - get
      - update
  - apiGroups:
      - snapshot.storage.k8s.io
    resources:
      - volumesnapshots/status
    verbs:
      - update
  - apiGroups:
      - ''
    resources:
      - persistentvolumeclaims/status
    verbs:
      - update
      - patch
  - apiGroups:
      - ''
    resources:
      - configmaps
    verbs:
      - get
  - apiGroups:
      - replication.storage.openshift.io
    resources:
      - volumereplications
      - volumereplicationclasses
    verbs:
      - create
      - delete
      - get
      - list
      - patch
      - update
      - watch
  - apiGroups:
      - replication.storage.openshift.io
    resources:
      - volumereplications/finalizers
    verbs:
      - update
  - apiGroups:
      - replication.storage.openshift.io
    resources:
      - volumereplications/status
    verbs:
      - get
      - patch
      - update
  - apiGroups:
      - replication.storage.openshift.io
    resources:
      - volumereplicationclasses/status
    verbs:
      - get
  - apiGroups:
      - ''
    resources:
      - serviceaccounts
    verbs:
      - get
---
apiVersion: rbac.authorization.k8s.io/v1
kind: ClusterRole
metadata:
  labels:
    chart: rook-ceph-v1.7.7
    operator: rook
    storage-backend: ceph
  name: psp:rook
rules:
  - apiGroups:
      - policy
    resourceNames:
      - 00-rook-ceph-operator
    resources:
      - podsecuritypolicies
    verbs:
      - use
---
apiVersion: rbac.authorization.k8s.io/v1
kind: ClusterRole
metadata:
  name: rook-ceph-admission-controller-role
rules:
  - apiGroups:
      - ceph.rook.io
    resources:
      - '*'
    verbs:
      - get
      - watch
      - list
