apiVersion: rbac.authorization.k8s.io/v1
kind: RoleBinding
metadata:
  labels:
    operator: rook
    storage-backend: ceph
  name: rook-ceph-system
  namespace: syn-rook-ceph-operator
roleRef:
  apiGroup: rbac.authorization.k8s.io
  kind: Role
  name: rook-ceph-system
subjects:
  - kind: ServiceAccount
    name: rook-ceph-system
    namespace: syn-rook-ceph-operator
---
apiVersion: rbac.authorization.k8s.io/v1
kind: RoleBinding
metadata:
  name: rook-ceph-cluster-mgmt
  namespace: syn-rook-ceph-operator
roleRef:
  apiGroup: rbac.authorization.k8s.io
  kind: ClusterRole
  name: rook-ceph-cluster-mgmt
subjects:
  - kind: ServiceAccount
    name: rook-ceph-system
    namespace: syn-rook-ceph-operator
---
apiVersion: rbac.authorization.k8s.io/v1
kind: RoleBinding
metadata:
  name: rook-ceph-osd
  namespace: syn-rook-ceph-operator
roleRef:
  apiGroup: rbac.authorization.k8s.io
  kind: Role
  name: rook-ceph-osd
subjects:
  - kind: ServiceAccount
    name: rook-ceph-osd
    namespace: syn-rook-ceph-operator
---
apiVersion: rbac.authorization.k8s.io/v1
kind: RoleBinding
metadata:
  name: rook-ceph-mgr
  namespace: syn-rook-ceph-operator
roleRef:
  apiGroup: rbac.authorization.k8s.io
  kind: Role
  name: rook-ceph-mgr
subjects:
  - kind: ServiceAccount
    name: rook-ceph-mgr
    namespace: syn-rook-ceph-operator
---
apiVersion: rbac.authorization.k8s.io/v1
kind: RoleBinding
metadata:
  name: rook-ceph-mgr-system
  namespace: syn-rook-ceph-operator
roleRef:
  apiGroup: rbac.authorization.k8s.io
  kind: ClusterRole
  name: rook-ceph-mgr-system
subjects:
  - kind: ServiceAccount
    name: rook-ceph-mgr
    namespace: syn-rook-ceph-operator
---
apiVersion: rbac.authorization.k8s.io/v1
kind: RoleBinding
metadata:
  name: rook-ceph-cmd-reporter
  namespace: syn-rook-ceph-operator
roleRef:
  apiGroup: rbac.authorization.k8s.io
  kind: Role
  name: rook-ceph-cmd-reporter
subjects:
  - kind: ServiceAccount
    name: rook-ceph-cmd-reporter
    namespace: syn-rook-ceph-operator
---
apiVersion: rbac.authorization.k8s.io/v1
kind: RoleBinding
metadata:
  name: cephfs-csi-provisioner-role-cfg
  namespace: syn-rook-ceph-operator
roleRef:
  apiGroup: rbac.authorization.k8s.io
  kind: Role
  name: cephfs-external-provisioner-cfg
subjects:
  - kind: ServiceAccount
    name: rook-csi-cephfs-provisioner-sa
    namespace: syn-rook-ceph-operator
---
apiVersion: rbac.authorization.k8s.io/v1
kind: RoleBinding
metadata:
  name: rbd-csi-provisioner-role-cfg
  namespace: syn-rook-ceph-operator
roleRef:
  apiGroup: rbac.authorization.k8s.io
  kind: Role
  name: rbd-external-provisioner-cfg
subjects:
  - kind: ServiceAccount
    name: rook-csi-rbd-provisioner-sa
    namespace: syn-rook-ceph-operator
---
apiVersion: rbac.authorization.k8s.io/v1
kind: RoleBinding
metadata:
  name: rook-ceph-purge-osd
roleRef:
  apiGroup: rbac.authorization.k8s.io
  kind: Role
  name: rook-ceph-purge-osd
subjects:
  - kind: ServiceAccount
    name: rook-ceph-purge-osd
    namespace: syn-rook-ceph-operator
