apiVersion: v1
kind: ServiceAccount
metadata:
  labels:
    chart: rook-ceph-v1.7.7
    operator: rook
    storage-backend: ceph
  name: rook-ceph-system
  namespace: syn-rook-ceph-operator
---
apiVersion: v1
kind: ServiceAccount
metadata:
  labels:
    chart: rook-ceph-v1.7.7
    operator: rook
    storage-backend: ceph
  name: rook-ceph-osd
  namespace: syn-rook-ceph-operator
---
apiVersion: v1
kind: ServiceAccount
metadata:
  labels:
    chart: rook-ceph-v1.7.7
    operator: rook
    storage-backend: ceph
  name: rook-ceph-mgr
  namespace: syn-rook-ceph-operator
---
apiVersion: v1
kind: ServiceAccount
metadata:
  labels:
    chart: rook-ceph-v1.7.7
    operator: rook
    storage-backend: ceph
  name: rook-ceph-cmd-reporter
  namespace: syn-rook-ceph-operator
---
apiVersion: v1
kind: ServiceAccount
metadata:
  name: rook-csi-cephfs-plugin-sa
  namespace: syn-rook-ceph-operator
---
apiVersion: v1
kind: ServiceAccount
metadata:
  name: rook-csi-cephfs-provisioner-sa
  namespace: syn-rook-ceph-operator
---
apiVersion: v1
kind: ServiceAccount
metadata:
  name: rook-csi-rbd-plugin-sa
  namespace: syn-rook-ceph-operator
---
apiVersion: v1
kind: ServiceAccount
metadata:
  name: rook-csi-rbd-provisioner-sa
  namespace: syn-rook-ceph-operator
---
apiVersion: v1
kind: ServiceAccount
metadata:
  name: rook-ceph-admission-controller
  namespace: syn-rook-ceph-operator
---
apiVersion: v1
kind: ServiceAccount
metadata:
  name: rook-ceph-purge-osd
  namespace: syn-rook-ceph-operator
