allowVolumeExpansion: true
apiVersion: storage.k8s.io/v1
kind: StorageClass
metadata:
  annotations: {}
  labels:
    app.kubernetes.io/component: rook-ceph
    app.kubernetes.io/managed-by: commodore
    app.kubernetes.io/name: cephfs-fspool-cluster
    name: cephfs-fspool-cluster
  name: cephfs-fspool-cluster
mountOptions: []
parameters:
  clusterID: syn-rook-ceph-cluster
  csi.storage.k8s.io/controller-expand-secret-name: rook-csi-cephfs-provisioner
  csi.storage.k8s.io/controller-expand-secret-namespace: syn-rook-ceph-cluster
  csi.storage.k8s.io/node-stage-secret-name: rook-csi-cephfs-node
  csi.storage.k8s.io/node-stage-secret-namespace: syn-rook-ceph-cluster
  csi.storage.k8s.io/provisioner-secret-name: rook-csi-cephfs-provisioner
  csi.storage.k8s.io/provisioner-secret-namespace: syn-rook-ceph-cluster
  fsName: fspool
  pool: fspool-data0
provisioner: syn-rook-ceph-operator.cephfs.csi.ceph.com
reclaimPolicy: Delete
