apiVersion: rbac.authorization.k8s.io/v1
kind: ClusterRole
metadata:
  annotations: {}
  labels:
    app.kubernetes.io/component: rook-ceph
    app.kubernetes.io/managed-by: commodore
    app.kubernetes.io/name: syn-rook-ceph-cephfs-provisioner-fix
    name: syn-rook-ceph-cephfs-provisioner-fix
  name: syn-rook-ceph-cephfs-provisioner-fix
rules:
  - apiGroups:
      - ''
    resources:
      - nodes
    verbs:
      - get
---
apiVersion: rbac.authorization.k8s.io/v1
kind: ClusterRoleBinding
metadata:
  annotations: {}
  labels:
    app.kubernetes.io/component: rook-ceph
    app.kubernetes.io/managed-by: commodore
    app.kubernetes.io/name: syn-rook-ceph-cephfs-provisioner-fix
    name: syn-rook-ceph-cephfs-provisioner-fix
  name: syn-rook-ceph-cephfs-provisioner-fix
roleRef:
  apiGroup: rbac.authorization.k8s.io
  kind: ClusterRole
  name: syn-rook-ceph-cephfs-provisioner-fix
subjects:
  - kind: ServiceAccount
    name: rook-csi-cephfs-provisioner-sa
    namespace: syn-rook-ceph-operator
