allowVolumeExpansion: true
apiVersion: storage.k8s.io/v1
kind: StorageClass
metadata:
  annotations: {}
  labels:
    app.kubernetes.io/component: rook-ceph
    app.kubernetes.io/managed-by: commodore
    app.kubernetes.io/name: rbd-storagepool-cluster
    name: rbd-storagepool-cluster
  name: rbd-storagepool-cluster
mountOptions:
  - discard
parameters:
  clusterID: syn-rook-ceph-cluster
  csi.storage.k8s.io/controller-expand-secret-name: rook-csi-rbd-provisioner
  csi.storage.k8s.io/controller-expand-secret-namespace: syn-rook-ceph-cluster
  csi.storage.k8s.io/controller-publish-secret-name: rook-csi-rbd-provisioner
  csi.storage.k8s.io/controller-publish-secret-namespace: rook-ceph
  csi.storage.k8s.io/fstype: ext4
  csi.storage.k8s.io/node-stage-secret-name: rook-csi-rbd-node
  csi.storage.k8s.io/node-stage-secret-namespace: syn-rook-ceph-cluster
  csi.storage.k8s.io/provisioner-secret-name: rook-csi-rbd-provisioner
  csi.storage.k8s.io/provisioner-secret-namespace: syn-rook-ceph-cluster
  imageFeatures: layering
  imageFormat: '2'
  pool: storagepool
provisioner: syn-rook-ceph-operator.rbd.csi.ceph.com
reclaimPolicy: Delete
---
allowVolumeExpansion: true
apiVersion: storage.k8s.io/v1
kind: StorageClass
metadata:
  annotations: {}
  labels:
    app.kubernetes.io/component: rook-ceph
    app.kubernetes.io/managed-by: commodore
    app.kubernetes.io/name: rbd-storagepool-cluster-small-files
    name: rbd-storagepool-cluster-small-files
  name: rbd-storagepool-cluster-small-files
mountOptions:
  - discard
parameters:
  clusterID: syn-rook-ceph-cluster
  csi.storage.k8s.io/controller-expand-secret-name: rook-csi-rbd-provisioner
  csi.storage.k8s.io/controller-expand-secret-namespace: syn-rook-ceph-cluster
  csi.storage.k8s.io/controller-publish-secret-name: rook-csi-rbd-provisioner
  csi.storage.k8s.io/controller-publish-secret-namespace: rook-ceph
  csi.storage.k8s.io/fstype: ext4
  csi.storage.k8s.io/node-stage-secret-name: rook-csi-rbd-node
  csi.storage.k8s.io/node-stage-secret-namespace: syn-rook-ceph-cluster
  csi.storage.k8s.io/provisioner-secret-name: rook-csi-rbd-provisioner
  csi.storage.k8s.io/provisioner-secret-namespace: syn-rook-ceph-cluster
  imageFeatures: layering
  imageFormat: '2'
  mkfsOptions: -m0 -Enodiscard,lazy_itable_init=1,lazy_journal_init=1 -i1024
  pool: storagepool
provisioner: syn-rook-ceph-operator.rbd.csi.ceph.com
reclaimPolicy: Delete
