apiVersion: rbac.authorization.k8s.io/v1
kind: ClusterRole
metadata:
  labels:
    app.kubernetes.io/instance: syn-rook-ceph
    app.kubernetes.io/managed-by: Helm
    app.kubernetes.io/name: ceph-csi
    app.kubernetes.io/version: v0.4.1
    helm.sh/chart: ceph-csi-operator-0.4.1
  name: ceph-csi-driver-editor-role
rules:
  - apiGroups:
      - csi.ceph.io
    resources:
      - drivers
    verbs:
      - create
      - delete
      - get
      - list
      - patch
      - update
      - watch
  - apiGroups:
      - csi.ceph.io
    resources:
      - drivers/status
    verbs:
      - get
