apiVersion: rbac.authorization.k8s.io/v1
kind: ClusterRole
metadata:
  labels:
    app.kubernetes.io/instance: syn-rook-ceph
    app.kubernetes.io/managed-by: Helm
    app.kubernetes.io/name: ceph-csi
    app.kubernetes.io/version: v0.4.1
    helm.sh/chart: ceph-csi-operator-0.4.1
  name: ceph-csi-metrics-auth-role
rules:
  - apiGroups:
      - authentication.k8s.io
    resources:
      - tokenreviews
    verbs:
      - create
  - apiGroups:
      - authorization.k8s.io
    resources:
      - subjectaccessreviews
    verbs:
      - create
---
apiVersion: rbac.authorization.k8s.io/v1
kind: ClusterRoleBinding
metadata:
  labels:
    app.kubernetes.io/instance: syn-rook-ceph
    app.kubernetes.io/managed-by: Helm
    app.kubernetes.io/name: ceph-csi
    app.kubernetes.io/version: v0.4.1
    helm.sh/chart: ceph-csi-operator-0.4.1
  name: ceph-csi-metrics-auth-rolebinding
roleRef:
  apiGroup: rbac.authorization.k8s.io
  kind: ClusterRole
  name: ceph-csi-metrics-auth-role
subjects:
  - kind: ServiceAccount
    name: ceph-csi-controller-manager
    namespace: syn-rook-ceph-operator
