apiVersion: v1
kind: ServiceAccount
metadata:
  annotations: {}
  labels:
    app.kubernetes.io/component: rook-ceph
    app.kubernetes.io/managed-by: commodore
    app.kubernetes.io/name: rook-ceph-cmd-reporter
    name: rook-ceph-cmd-reporter
  name: rook-ceph-cmd-reporter
  namespace: syn-rook-ceph-cluster
---
apiVersion: v1
kind: ServiceAccount
metadata:
  annotations: {}
  labels:
    app.kubernetes.io/component: rook-ceph
    app.kubernetes.io/managed-by: commodore
    app.kubernetes.io/name: rook-ceph-default
    name: rook-ceph-default
  name: rook-ceph-default
  namespace: syn-rook-ceph-cluster
---
apiVersion: v1
kind: ServiceAccount
metadata:
  annotations: {}
  labels:
    app.kubernetes.io/component: rook-ceph
    app.kubernetes.io/managed-by: commodore
    app.kubernetes.io/name: rook-ceph-mgr
    name: rook-ceph-mgr
  name: rook-ceph-mgr
  namespace: syn-rook-ceph-cluster
---
apiVersion: v1
kind: ServiceAccount
metadata:
  annotations: {}
  labels:
    app.kubernetes.io/component: rook-ceph
    app.kubernetes.io/managed-by: commodore
    app.kubernetes.io/name: rook-ceph-osd
    name: rook-ceph-osd
  name: rook-ceph-osd
  namespace: syn-rook-ceph-cluster
---
apiVersion: rbac.authorization.k8s.io/v1
kind: Role
metadata:
  annotations: {}
  labels:
    app.kubernetes.io/component: rook-ceph
    app.kubernetes.io/managed-by: commodore
    app.kubernetes.io/name: rook-ceph-cmd-reporter
    name: rook-ceph-cmd-reporter
  name: rook-ceph-cmd-reporter
  namespace: syn-rook-ceph-cluster
rules:
  - apiGroups:
      - ''
    resources:
      - pods
      - configmaps
    verbs:
      - get
      - list
      - watch
      - create
      - update
      - delete
---
apiVersion: rbac.authorization.k8s.io/v1
kind: Role
metadata:
  annotations: {}
  labels:
    app.kubernetes.io/component: rook-ceph
    app.kubernetes.io/managed-by: commodore
    app.kubernetes.io/name: rook-ceph-mgr
    name: rook-ceph-mgr
  name: rook-ceph-mgr
  namespace: syn-rook-ceph-cluster
rules:
  - apiGroups:
      - ''
    resources:
      - pods
      - services
      - pods/log
    verbs:
      - get
      - list
      - watch
      - create
      - update
      - delete
  - apiGroups:
      - batch
    resources:
      - jobs
    verbs:
      - get
      - list
      - watch
      - create
      - update
      - delete
  - apiGroups:
      - ceph.rook.io
    resources:
      - '*'
    verbs:
      - '*'
---
apiVersion: rbac.authorization.k8s.io/v1
kind: Role
metadata:
  annotations: {}
  labels:
    app.kubernetes.io/component: rook-ceph
    app.kubernetes.io/managed-by: commodore
    app.kubernetes.io/name: rook-ceph-monitoring
    name: rook-ceph-monitoring
  name: rook-ceph-monitoring
  namespace: syn-rook-ceph-cluster
rules:
  - apiGroups:
      - monitoring.coreos.com
    resources:
      - servicemonitors
      - prometheusrules
    verbs:
      - get
      - list
      - watch
      - create
      - update
      - delete
---
apiVersion: rbac.authorization.k8s.io/v1
kind: Role
metadata:
  annotations: {}
  labels:
    app.kubernetes.io/component: rook-ceph
    app.kubernetes.io/managed-by: commodore
    app.kubernetes.io/name: rook-ceph-osd
    name: rook-ceph-osd
  name: rook-ceph-osd
  namespace: syn-rook-ceph-cluster
rules:
  - apiGroups:
      - ''
    resources:
      - configmaps
    verbs:
      - get
      - list
      - watch
      - create
      - update
      - delete
  - apiGroups:
      - ceph.rook.io
    resources:
      - cephclusters
      - cephclusters/finalizers
    verbs:
      - get
      - list
      - create
      - update
      - delete
---
apiVersion: rbac.authorization.k8s.io/v1
kind: RoleBinding
metadata:
  annotations: {}
  labels:
    app.kubernetes.io/component: rook-ceph
    app.kubernetes.io/managed-by: commodore
    app.kubernetes.io/name: rook-ceph-cluster-mgmt
    name: rook-ceph-cluster-mgmt
  name: rook-ceph-cluster-mgmt
  namespace: syn-rook-ceph-cluster
roleRef:
  apiGroup: rbac.authorization.k8s.io
  kind: ClusterRole
  name: rook-ceph-cluster-mgmt
subjects:
  - kind: ServiceAccount
    name: rook-ceph-system
    namespace: syn-rook-ceph-operator
---
apiVersion: rbac.authorization.k8s.io/v1
kind: RoleBinding
metadata:
  annotations: {}
  labels:
    app.kubernetes.io/component: rook-ceph
    app.kubernetes.io/managed-by: commodore
    app.kubernetes.io/name: rook-ceph-osd
    name: rook-ceph-osd
  name: rook-ceph-osd
  namespace: syn-rook-ceph-cluster
roleRef:
  apiGroup: rbac.authorization.k8s.io
  kind: Role
  name: rook-ceph-osd
subjects:
  - kind: ServiceAccount
    name: rook-ceph-osd
    namespace: syn-rook-ceph-cluster
---
apiVersion: rbac.authorization.k8s.io/v1
kind: RoleBinding
metadata:
  annotations: {}
  labels:
    app.kubernetes.io/component: rook-ceph
    app.kubernetes.io/managed-by: commodore
    app.kubernetes.io/name: rook-ceph-mgr
    name: rook-ceph-mgr
  name: rook-ceph-mgr
  namespace: syn-rook-ceph-cluster
roleRef:
  apiGroup: rbac.authorization.k8s.io
  kind: Role
  name: rook-ceph-mgr
subjects:
  - kind: ServiceAccount
    name: rook-ceph-mgr
    namespace: syn-rook-ceph-cluster
---
apiVersion: rbac.authorization.k8s.io/v1
kind: RoleBinding
metadata:
  annotations: {}
  labels:
    app.kubernetes.io/component: rook-ceph
    app.kubernetes.io/managed-by: commodore
    app.kubernetes.io/name: rook-ceph-mgr-system-cluster
    name: rook-ceph-mgr-system-cluster
  name: rook-ceph-mgr-system-cluster
  namespace: syn-rook-ceph-operator
roleRef:
  apiGroup: rbac.authorization.k8s.io
  kind: ClusterRole
  name: rook-ceph-mgr-system
subjects:
  - kind: ServiceAccount
    name: rook-ceph-mgr
    namespace: syn-rook-ceph-cluster
---
apiVersion: rbac.authorization.k8s.io/v1
kind: RoleBinding
metadata:
  annotations: {}
  labels:
    app.kubernetes.io/component: rook-ceph
    app.kubernetes.io/managed-by: commodore
    app.kubernetes.io/name: rook-ceph-cmd-reporter
    name: rook-ceph-cmd-reporter
  name: rook-ceph-cmd-reporter
  namespace: syn-rook-ceph-cluster
roleRef:
  apiGroup: rbac.authorization.k8s.io
  kind: Role
  name: rook-ceph-cmd-reporter
subjects:
  - kind: ServiceAccount
    name: rook-ceph-cmd-reporter
    namespace: syn-rook-ceph-cluster
---
apiVersion: rbac.authorization.k8s.io/v1
kind: RoleBinding
metadata:
  annotations: {}
  labels:
    app.kubernetes.io/component: rook-ceph
    app.kubernetes.io/managed-by: commodore
    app.kubernetes.io/name: rook-ceph-monitoring
    name: rook-ceph-monitoring
  name: rook-ceph-monitoring
  namespace: syn-rook-ceph-cluster
roleRef:
  apiGroup: rbac.authorization.k8s.io
  kind: Role
  name: rook-ceph-monitoring
subjects:
  - kind: ServiceAccount
    name: rook-ceph-system
    namespace: syn-rook-ceph-operator
---
apiVersion: rbac.authorization.k8s.io/v1
kind: ClusterRoleBinding
metadata:
  annotations: {}
  labels:
    app.kubernetes.io/component: rook-ceph
    app.kubernetes.io/managed-by: commodore
    app.kubernetes.io/name: rook-ceph-mgr-cluster-cluster
    name: rook-ceph-mgr-cluster-cluster
  name: rook-ceph-mgr-cluster-cluster
roleRef:
  apiGroup: rbac.authorization.k8s.io
  kind: ClusterRole
  name: rook-ceph-mgr-cluster
subjects:
  - kind: ServiceAccount
    name: rook-ceph-mgr
    namespace: syn-rook-ceph-cluster
---
apiVersion: rbac.authorization.k8s.io/v1
kind: ClusterRoleBinding
metadata:
  annotations: {}
  labels:
    app.kubernetes.io/component: rook-ceph
    app.kubernetes.io/managed-by: commodore
    app.kubernetes.io/name: rook-ceph-osd-cluster
    name: rook-ceph-osd-cluster
  name: rook-ceph-osd-cluster
roleRef:
  apiGroup: rbac.authorization.k8s.io
  kind: ClusterRole
  name: rook-ceph-osd
subjects:
  - kind: ServiceAccount
    name: rook-ceph-osd
    namespace: syn-rook-ceph-cluster
