apiVersion: rbac.authorization.k8s.io/v1
kind: Role
metadata:
  annotations: {}
  labels:
    app.kubernetes.io/component: rook-ceph
    app.kubernetes.io/managed-by: commodore
    app.kubernetes.io/name: cleanup-alertrules
    name: cleanup-alertrules
  name: cleanup-alertrules
  namespace: syn-rook-ceph-cluster
rules:
  - apiGroups:
      - monitoring.coreos.com
    resources:
      - prometheusrules
    verbs:
      - delete
---
apiVersion: v1
kind: ServiceAccount
metadata:
  annotations: {}
  labels:
    app.kubernetes.io/component: rook-ceph
    app.kubernetes.io/managed-by: commodore
    app.kubernetes.io/name: cleanup-alertrules
    name: cleanup-alertrules
  name: cleanup-alertrules
  namespace: syn-rook-ceph-cluster
---
apiVersion: rbac.authorization.k8s.io/v1
kind: RoleBinding
metadata:
  annotations: {}
  labels:
    app.kubernetes.io/component: rook-ceph
    app.kubernetes.io/managed-by: commodore
    app.kubernetes.io/name: cleanup-alertrules
    name: cleanup-alertrules
  name: cleanup-alertrules
  namespace: syn-rook-ceph-cluster
roleRef:
  apiGroup: rbac.authorization.k8s.io
  kind: Role
  name: cleanup-alertrules
subjects:
  - kind: ServiceAccount
    name: cleanup-alertrules
    namespace: syn-rook-ceph-cluster
---
apiVersion: batch/v1
kind: Job
metadata:
  annotations:
    argocd.argoproj.io/hook: Sync
    argocd.argoproj.io/hook-delete-policy: HookSucceeded
  labels:
    app.kubernetes.io/component: rook-ceph
    app.kubernetes.io/managed-by: commodore
    app.kubernetes.io/name: cleanup-alertrules
    name: cleanup-alertrules
  name: cleanup-alertrules
  namespace: syn-rook-ceph-cluster
spec:
  completions: 1
  parallelism: 1
  template:
    metadata:
      labels:
        app.kubernetes.io/component: rook-ceph
        app.kubernetes.io/managed-by: commodore
        app.kubernetes.io/name: cleanup-alertrules
        name: cleanup-alertrules
    spec:
      containers:
        - args:
            - -n
            - syn-rook-ceph-cluster
            - delete
            - --ignore-not-found
            - prometheusrules.monitoring.coreos.com
            - prometheus-ceph-v16-rules
          command:
            - kubectl
          env:
            - name: HOME
              value: /home
          image: docker.io/bitnami/kubectl:1.25.5@sha256:19dff0248157ae4cd320097ace1b5e0ffbb8bc7c7ea7fa3f13f73993fc6d7ee2
          imagePullPolicy: IfNotPresent
          name: cleanup-alertrules
          ports: []
          stdin: false
          tty: false
          volumeMounts:
            - mountPath: /home
              name: home
          workingDir: /home
      imagePullSecrets: []
      initContainers: []
      restartPolicy: OnFailure
      serviceAccountName: cleanup-alertrules
      terminationGracePeriodSeconds: 30
      volumes:
        - emptyDir: {}
          name: home
