apiVersion: rbac.authorization.k8s.io/v1
kind: ClusterRole
metadata:
  labels:
    app.kubernetes.io/instance: syn-rook-ceph
    app.kubernetes.io/managed-by: Helm
    app.kubernetes.io/name: ceph-csi
    app.kubernetes.io/version: v0.4.1
    helm.sh/chart: ceph-csi-operator-0.4.1
  name: ceph-csi-rbd-nodeplugin-cr
rules:
  - apiGroups:
      - ''
    resources:
      - secrets
    verbs:
      - get
      - list
  - apiGroups:
      - ''
    resources:
      - persistentvolumes
    verbs:
      - get
      - list
  - apiGroups:
      - storage.k8s.io
    resources:
      - volumeattachments
    verbs:
      - get
      - list
  - apiGroups:
      - ''
    resources:
      - configmaps
    verbs:
      - get
  - apiGroups:
      - ''
    resources:
      - serviceaccounts
    verbs:
      - get
  - apiGroups:
      - ''
    resources:
      - serviceaccounts/token
    verbs:
      - create
  - apiGroups:
      - ''
    resources:
      - nodes
    verbs:
      - get
  - apiGroups:
      - authentication.k8s.io
    resources:
      - tokenreviews
    verbs:
      - create
  - apiGroups:
      - ''
    resources:
      - events
    verbs:
      - list
      - watch
      - create
      - update
      - patch
  - apiGroups:
      - ''
    resources:
      - persistentvolumeclaims
    verbs:
      - get
