apiVersion: v1
kind: ServiceAccount
metadata:
  labels:
    app.kubernetes.io/created-by: helm
    app.kubernetes.io/managed-by: Helm
    app.kubernetes.io/part-of: rook-ceph-operator
    helm.sh/chart: rook-ceph-v1.9.10
    operator: rook
    storage-backend: ceph
  name: rook-ceph-osd
  namespace: syn-rook-ceph-operator
---
apiVersion: v1
kind: ServiceAccount
metadata:
  labels:
    app.kubernetes.io/created-by: helm
    app.kubernetes.io/managed-by: Helm
    app.kubernetes.io/part-of: rook-ceph-operator
    helm.sh/chart: rook-ceph-v1.9.10
    operator: rook
    storage-backend: ceph
  name: rook-ceph-mgr
  namespace: syn-rook-ceph-operator
---
apiVersion: v1
kind: ServiceAccount
metadata:
  labels:
    app.kubernetes.io/created-by: helm
    app.kubernetes.io/managed-by: Helm
    app.kubernetes.io/part-of: rook-ceph-operator
    helm.sh/chart: rook-ceph-v1.9.10
    operator: rook
    storage-backend: ceph
  name: rook-ceph-cmd-reporter
  namespace: syn-rook-ceph-operator
---
apiVersion: v1
kind: ServiceAccount
metadata:
  name: rook-ceph-purge-osd
  namespace: syn-rook-ceph-operator
---
apiVersion: v1
kind: ServiceAccount
metadata:
  labels:
    app.kubernetes.io/created-by: helm
    app.kubernetes.io/managed-by: Helm
    app.kubernetes.io/part-of: rook-ceph-operator
    helm.sh/chart: rook-ceph-v1.9.10
    operator: rook
    storage-backend: ceph
  name: rook-ceph-rgw
  namespace: syn-rook-ceph-operator
---
apiVersion: rbac.authorization.k8s.io/v1
kind: ClusterRoleBinding
metadata:
  name: rook-ceph-mgr-cluster
roleRef:
  apiGroup: rbac.authorization.k8s.io
  kind: ClusterRole
  name: rook-ceph-mgr-cluster
subjects:
  - kind: ServiceAccount
    name: rook-ceph-mgr
    namespace: syn-rook-ceph-operator
---
apiVersion: rbac.authorization.k8s.io/v1
kind: ClusterRoleBinding
metadata:
  name: rook-ceph-osd
roleRef:
  apiGroup: rbac.authorization.k8s.io
  kind: ClusterRole
  name: rook-ceph-osd
subjects:
  - kind: ServiceAccount
    name: rook-ceph-osd
    namespace: syn-rook-ceph-operator
---
apiVersion: rbac.authorization.k8s.io/v1
kind: Role
metadata:
  name: rook-ceph-osd
  namespace: syn-rook-ceph-operator
rules:
  - apiGroups:
      - ''
    resources:
      - secrets
    verbs:
      - get
  - apiGroups:
      - ''
    resources:
      - configmaps
    verbs:
      - get
      - list
      - watch
      - create
      - update
      - delete
  - apiGroups:
      - ceph.rook.io
    resources:
      - cephclusters
      - cephclusters/finalizers
    verbs:
      - get
      - list
      - create
      - update
      - delete
---
apiVersion: rbac.authorization.k8s.io/v1
kind: Role
metadata:
  name: rook-ceph-rgw
  namespace: syn-rook-ceph-operator
rules:
  - apiGroups:
      - ''
    resources:
      - configmaps
    verbs:
      - get
---
apiVersion: rbac.authorization.k8s.io/v1
kind: Role
metadata:
  name: rook-ceph-mgr
  namespace: syn-rook-ceph-operator
rules:
  - apiGroups:
      - ''
    resources:
      - pods
      - services
      - pods/log
    verbs:
      - get
      - list
      - watch
      - create
      - update
      - delete
  - apiGroups:
      - batch
    resources:
      - jobs
    verbs:
      - get
      - list
      - watch
      - create
      - update
      - delete
  - apiGroups:
      - ceph.rook.io
    resources:
      - '*'
    verbs:
      - '*'
  - apiGroups:
      - apps
    resources:
      - deployments/scale
      - deployments
    verbs:
      - patch
      - delete
  - apiGroups:
      - ''
    resources:
      - persistentvolumeclaims
    verbs:
      - delete
---
apiVersion: rbac.authorization.k8s.io/v1
kind: Role
metadata:
  name: rook-ceph-cmd-reporter
  namespace: syn-rook-ceph-operator
rules:
  - apiGroups:
      - ''
    resources:
      - pods
      - configmaps
    verbs:
      - get
      - list
      - watch
      - create
      - update
      - delete
---
apiVersion: rbac.authorization.k8s.io/v1
kind: Role
metadata:
  name: rook-ceph-purge-osd
  namespace: syn-rook-ceph-operator
rules:
  - apiGroups:
      - ''
    resources:
      - configmaps
    verbs:
      - get
  - apiGroups:
      - apps
    resources:
      - deployments
    verbs:
      - get
      - delete
  - apiGroups:
      - batch
    resources:
      - jobs
    verbs:
      - get
      - list
      - delete
  - apiGroups:
      - ''
    resources:
      - persistentvolumeclaims
    verbs:
      - get
      - update
      - delete
      - list
---
apiVersion: rbac.authorization.k8s.io/v1
kind: RoleBinding
metadata:
  name: rook-ceph-cluster-mgmt
  namespace: syn-rook-ceph-operator
roleRef:
  apiGroup: rbac.authorization.k8s.io
  kind: ClusterRole
  name: rook-ceph-cluster-mgmt
subjects:
  - kind: ServiceAccount
    name: rook-ceph-system
    namespace: syn-rook-ceph-operator
---
apiVersion: rbac.authorization.k8s.io/v1
kind: RoleBinding
metadata:
  name: rook-ceph-osd
  namespace: syn-rook-ceph-operator
roleRef:
  apiGroup: rbac.authorization.k8s.io
  kind: Role
  name: rook-ceph-osd
subjects:
  - kind: ServiceAccount
    name: rook-ceph-osd
    namespace: syn-rook-ceph-operator
---
apiVersion: rbac.authorization.k8s.io/v1
kind: RoleBinding
metadata:
  name: rook-ceph-rgw
  namespace: syn-rook-ceph-operator
roleRef:
  apiGroup: rbac.authorization.k8s.io
  kind: Role
  name: rook-ceph-rgw
subjects:
  - kind: ServiceAccount
    name: rook-ceph-rgw
    namespace: syn-rook-ceph-operator
---
apiVersion: rbac.authorization.k8s.io/v1
kind: RoleBinding
metadata:
  name: rook-ceph-mgr
  namespace: syn-rook-ceph-operator
roleRef:
  apiGroup: rbac.authorization.k8s.io
  kind: Role
  name: rook-ceph-mgr
subjects:
  - kind: ServiceAccount
    name: rook-ceph-mgr
    namespace: syn-rook-ceph-operator
---
apiVersion: rbac.authorization.k8s.io/v1
kind: RoleBinding
metadata:
  name: rook-ceph-mgr-system
  namespace: syn-rook-ceph-operator
roleRef:
  apiGroup: rbac.authorization.k8s.io
  kind: ClusterRole
  name: rook-ceph-mgr-system
subjects:
  - kind: ServiceAccount
    name: rook-ceph-mgr
    namespace: syn-rook-ceph-operator
---
apiVersion: rbac.authorization.k8s.io/v1
kind: RoleBinding
metadata:
  name: rook-ceph-cmd-reporter
  namespace: syn-rook-ceph-operator
roleRef:
  apiGroup: rbac.authorization.k8s.io
  kind: Role
  name: rook-ceph-cmd-reporter
subjects:
  - kind: ServiceAccount
    name: rook-ceph-cmd-reporter
    namespace: syn-rook-ceph-operator
---
apiVersion: rbac.authorization.k8s.io/v1
kind: RoleBinding
metadata:
  name: rook-ceph-purge-osd
  namespace: syn-rook-ceph-operator
roleRef:
  apiGroup: rbac.authorization.k8s.io
  kind: Role
  name: rook-ceph-purge-osd
subjects:
  - kind: ServiceAccount
    name: rook-ceph-purge-osd
    namespace: syn-rook-ceph-operator
