apiVersion: v1
data:
  CSI_CEPHFS_FSGROUPPOLICY: ReadWriteOnceWithFSType
  CSI_ENABLE_CEPHFS_SNAPSHOTTER: 'true'
  CSI_ENABLE_CSIADDONS: 'false'
  CSI_ENABLE_OMAP_GENERATOR: 'false'
  CSI_ENABLE_RBD_SNAPSHOTTER: 'true'
  CSI_ENABLE_VOLUME_REPLICATION: 'false'
  CSI_FORCE_CEPHFS_KERNEL_CLIENT: 'true'
  CSI_PLUGIN_ENABLE_SELINUX_HOST_MOUNT: 'false'
  CSI_PROVISIONER_REPLICAS: '2'
  CSI_RBD_FSGROUPPOLICY: ReadWriteOnceWithFSType
  ROOK_CEPH_COMMANDS_TIMEOUT_SECONDS: '15'
  ROOK_CSI_CEPH_IMAGE: quay.io/cephcsi/cephcsi:v3.4.0
  ROOK_CSI_ENABLE_CEPHFS: 'false'
  ROOK_CSI_ENABLE_GRPC_METRICS: 'true'
  ROOK_CSI_ENABLE_RBD: 'true'
  ROOK_LOG_LEVEL: INFO
  ROOK_OBC_WATCH_OPERATOR_NAMESPACE: 'true'
kind: ConfigMap
metadata:
  name: rook-ceph-operator-config
