apiVersion: v1
kind: ServiceAccount
metadata:
  labels:
    app.kubernetes.io/created-by: helm
    app.kubernetes.io/managed-by: helm
    app.kubernetes.io/part-of: rook-ceph-operator
    helm.sh/chart: rook-ceph-v1.9.5
    operator: rook
    storage-backend: ceph
  name: rook-ceph-system
  namespace: syn-rook-ceph-operator
---
apiVersion: v1
kind: ServiceAccount
metadata:
  name: rook-csi-cephfs-plugin-sa
  namespace: syn-rook-ceph-operator
---
apiVersion: v1
kind: ServiceAccount
metadata:
  name: rook-csi-cephfs-provisioner-sa
  namespace: syn-rook-ceph-operator
---
apiVersion: v1
kind: ServiceAccount
metadata:
  name: rook-csi-rbd-plugin-sa
  namespace: syn-rook-ceph-operator
---
apiVersion: v1
kind: ServiceAccount
metadata:
  name: rook-csi-rbd-provisioner-sa
  namespace: syn-rook-ceph-operator
