apiVersion: rbac.authorization.k8s.io/v1
kind: RoleBinding
metadata:
  labels:
    app.kubernetes.io/instance: syn-rook-ceph
    app.kubernetes.io/managed-by: Helm
    app.kubernetes.io/name: ceph-csi
    app.kubernetes.io/version: v0.4.1
    helm.sh/chart: ceph-csi-operator-0.4.1
  name: ceph-csi-cephfs-ctrlplugin-rb
roleRef:
  apiGroup: rbac.authorization.k8s.io
  kind: Role
  name: ceph-csi-cephfs-ctrlplugin-r
subjects:
  - kind: ServiceAccount
    name: ceph-csi-cephfs-ctrlplugin-sa
    namespace: syn-rook-ceph-operator
