apiVersion: v1
kind: ServiceAccount
metadata:
  annotations: {}
  labels:
    app.kubernetes.io/instance: syn-rook-ceph
    app.kubernetes.io/managed-by: Helm
    app.kubernetes.io/name: ceph-csi
    app.kubernetes.io/version: v0.4.1
    helm.sh/chart: ceph-csi-operator-0.4.1
  name: ceph-csi-cephfs-ctrlplugin-sa
---
apiVersion: v1
kind: ServiceAccount
metadata:
  annotations: {}
  labels:
    app.kubernetes.io/instance: syn-rook-ceph
    app.kubernetes.io/managed-by: Helm
    app.kubernetes.io/name: ceph-csi
    app.kubernetes.io/version: v0.4.1
    helm.sh/chart: ceph-csi-operator-0.4.1
  name: ceph-csi-cephfs-nodeplugin-sa
---
apiVersion: v1
kind: ServiceAccount
metadata:
  annotations: {}
  labels:
    app.kubernetes.io/instance: syn-rook-ceph
    app.kubernetes.io/managed-by: Helm
    app.kubernetes.io/name: ceph-csi
    app.kubernetes.io/version: v0.4.1
    helm.sh/chart: ceph-csi-operator-0.4.1
  name: ceph-csi-controller-manager
---
apiVersion: v1
kind: ServiceAccount
metadata:
  annotations: {}
  labels:
    app.kubernetes.io/instance: syn-rook-ceph
    app.kubernetes.io/managed-by: Helm
    app.kubernetes.io/name: ceph-csi
    app.kubernetes.io/version: v0.4.1
    helm.sh/chart: ceph-csi-operator-0.4.1
  name: ceph-csi-nfs-ctrlplugin-sa
---
apiVersion: v1
kind: ServiceAccount
metadata:
  annotations: {}
  labels:
    app.kubernetes.io/instance: syn-rook-ceph
    app.kubernetes.io/managed-by: Helm
    app.kubernetes.io/name: ceph-csi
    app.kubernetes.io/version: v0.4.1
    helm.sh/chart: ceph-csi-operator-0.4.1
  name: ceph-csi-nfs-nodeplugin-sa
---
apiVersion: v1
kind: ServiceAccount
metadata:
  annotations: {}
  labels:
    app.kubernetes.io/instance: syn-rook-ceph
    app.kubernetes.io/managed-by: Helm
    app.kubernetes.io/name: ceph-csi
    app.kubernetes.io/version: v0.4.1
    helm.sh/chart: ceph-csi-operator-0.4.1
  name: ceph-csi-rbd-ctrlplugin-sa
---
apiVersion: v1
kind: ServiceAccount
metadata:
  annotations: {}
  labels:
    app.kubernetes.io/instance: syn-rook-ceph
    app.kubernetes.io/managed-by: Helm
    app.kubernetes.io/name: ceph-csi
    app.kubernetes.io/version: v0.4.1
    helm.sh/chart: ceph-csi-operator-0.4.1
  name: ceph-csi-rbd-nodeplugin-sa
